Archive member included to satisfy reference by file (symbol)

/usr/share/segger_embedded_studio_3.30/lib/libc_v7m_t_le_eabi.a(libc_asm.o)
                              Output/nrf24-arm Release/Obj/system_LPC17xx.o (__aeabi_uldivmod)
/usr/share/segger_embedded_studio_3.30/lib/libc_v7m_t_le_eabi.a(libc2.o)
                              Output/nrf24-arm Release/Obj/main.o (printf)
/usr/share/segger_embedded_studio_3.30/lib/libc_v7m_t_le_eabi.a(libc2_asm.o)
                              /usr/share/segger_embedded_studio_3.30/lib/libc_v7m_t_le_eabi.a(libc2.o) (memcpy)
/usr/share/segger_embedded_studio_3.30/lib/libdebugio_v7m_t_le_eabi.a(libdebugio.o)
                              Output/nrf24-arm Release/Obj/thumb_crt0.o (debug_fopen)
/usr/share/segger_embedded_studio_3.30/lib/libdebugio_mempoll_v7m_t_le_eabi.a(mempoll_debug_operations.o)
                              /usr/share/segger_embedded_studio_3.30/lib/libdebugio_v7m_t_le_eabi.a(libdebugio.o) (__do_debug_operation)
/usr/share/segger_embedded_studio_3.30/lib/libdebugio_mempoll_v7m_t_le_eabi.a(do_nv_debug_operation.o)
                              /usr/share/segger_embedded_studio_3.30/lib/libdebugio_v7m_t_le_eabi.a(libdebugio.o) (__do_nvdebug_operation)
/usr/share/segger_embedded_studio_3.30/lib/libm_v7m_t_le_eabi.a(libm_asm.o)
                              /usr/share/segger_embedded_studio_3.30/lib/libc_v7m_t_le_eabi.a(libc2.o) (__aeabi_i2f)
/usr/share/segger_embedded_studio_3.30/lib/libm_v7m_t_le_eabi.a(libm2.o)
                              /usr/share/segger_embedded_studio_3.30/lib/libvfprintf_v7m_t_le_eabi.o (frexp)
/usr/share/segger_embedded_studio_3.30/lib/libm_v7m_t_le_eabi.a(libm2_asm.o)
                              /usr/share/segger_embedded_studio_3.30/lib/libm_v7m_t_le_eabi.a(libm2.o) (fabs)

Discarded input sections

 .text          0x0000000000000000        0x0 Output/nrf24-arm Release/Obj/system_LPC17xx.o
 .data          0x0000000000000000        0x0 Output/nrf24-arm Release/Obj/system_LPC17xx.o
 .bss           0x0000000000000000        0x0 Output/nrf24-arm Release/Obj/system_LPC17xx.o
 .init.SystemCoreClockUpdate
                0x0000000000000000      0x180 Output/nrf24-arm Release/Obj/system_LPC17xx.o
 .text          0x0000000000000000        0x0 Output/nrf24-arm Release/Obj/main.o
 .data          0x0000000000000000        0x0 Output/nrf24-arm Release/Obj/main.o
 .bss           0x0000000000000000        0x0 Output/nrf24-arm Release/Obj/main.o
 .text          0x0000000000000000        0x0 Output/nrf24-arm Release/Obj/thumb_crt0.o
 .data          0x0000000000000000        0x0 Output/nrf24-arm Release/Obj/thumb_crt0.o
 .bss           0x0000000000000000        0x0 Output/nrf24-arm Release/Obj/thumb_crt0.o
 .text.__aeabi_read_tp
                0x0000000000000000        0x8 Output/nrf24-arm Release/Obj/thumb_crt0.o
 .text.__heap_lock
                0x0000000000000000        0x2 Output/nrf24-arm Release/Obj/thumb_crt0.o
 .text.__heap_unlock
                0x0000000000000000        0x2 Output/nrf24-arm Release/Obj/thumb_crt0.o
 .text.__scanf_lock
                0x0000000000000000        0x2 Output/nrf24-arm Release/Obj/thumb_crt0.o
 .text.__scanf_unlock
                0x0000000000000000        0x2 Output/nrf24-arm Release/Obj/thumb_crt0.o
 .text.abort    0x0000000000000000        0x2 Output/nrf24-arm Release/Obj/thumb_crt0.o
 .text.__assert
                0x0000000000000000        0x2 Output/nrf24-arm Release/Obj/thumb_crt0.o
 .text.__aeabi_assert
                0x0000000000000000        0x2 Output/nrf24-arm Release/Obj/thumb_crt0.o
 .text.__cxa_pure_virtual
                0x0000000000000000        0x2 Output/nrf24-arm Release/Obj/thumb_crt0.o
 .text.__cxa_guard_acquire
                0x0000000000000000       0x10 Output/nrf24-arm Release/Obj/thumb_crt0.o
 .text.__cxa_guard_release
                0x0000000000000000        0x6 Output/nrf24-arm Release/Obj/thumb_crt0.o
 .text.__cxa_guard_abort
                0x0000000000000000        0x2 Output/nrf24-arm Release/Obj/thumb_crt0.o
 .text.__sync_synchronize
                0x0000000000000000        0x2 Output/nrf24-arm Release/Obj/thumb_crt0.o
 .text.__getchar
                0x0000000000000000        0x4 Output/nrf24-arm Release/Obj/thumb_crt0.o
 .text.__open   0x0000000000000000        0x4 Output/nrf24-arm Release/Obj/thumb_crt0.o
 .text.__close  0x0000000000000000        0x4 Output/nrf24-arm Release/Obj/thumb_crt0.o
 .text.__write  0x0000000000000000        0xa Output/nrf24-arm Release/Obj/thumb_crt0.o
 .text.__read   0x0000000000000000        0xa Output/nrf24-arm Release/Obj/thumb_crt0.o
 .text.__seek   0x0000000000000000       0x1a Output/nrf24-arm Release/Obj/thumb_crt0.o
 .bss.__user_locale_name_buffer
                0x0000000000000000        0x4 Output/nrf24-arm Release/Obj/thumb_crt0.o
 .stack         0x0000000000000000        0x0 Output/nrf24-arm Release/Obj/thumb_crt0.o
 .stack_process
                0x0000000000000000        0x0 Output/nrf24-arm Release/Obj/thumb_crt0.o
[...]
Memory Configuration

Name             Origin             Length             Attributes
UNPLACED_SECTIONS 0x0000000100000000 0x0000000000000000 xw
RAM2             0x000000002007c000 0x0000000000008000 xw
RAM              0x0000000010000000 0x0000000000008000 xw
FLASH            0x0000000000000000 0x0000000000080000 xr
*default*        0x0000000000000000 0xffffffffffffffff

Linker script and memory map

                0x00000000000005fc                __vfprintf = __vfprintf_int_nwp
                0x0000000000000000                __vfscanf = __vfscanf_int
                0x000000002007c000                __RAM2_segment_start__ = 0x2007c000
                0x0000000020084000                __RAM2_segment_end__ = 0x20084000
                0x0000000000008000                __RAM2_segment_size__ = 0x8000
                0x0000000010000000                __RAM_segment_start__ = 0x10000000
                0x0000000010008000                __RAM_segment_end__ = 0x10008000
                0x0000000000008000                __RAM_segment_size__ = 0x8000
                0x0000000000000000                __FLASH_segment_start__ = 0x0
                0x0000000000080000                __FLASH_segment_end__ = 0x80000
                0x0000000000080000                __FLASH_segment_size__ = 0x80000
                0x0000000000000100                __HEAPSIZE__ = 0x100
                0x0000000000000000                __STACKSIZE_ABT__ = 0x0
                0x0000000000000000                __STACKSIZE_FIQ__ = 0x0
                0x0000000000000000                __STACKSIZE_IRQ__ = 0x0
                0x0000000000000000                __STACKSIZE_PROCESS__ = 0x0
                0x0000000000000000                __STACKSIZE_SVC__ = 0x0
                0x0000000000000000                __STACKSIZE_UND__ = 0x0
                0x0000000000000100                __STACKSIZE__ = 0x100
                0x000000002007c000                __data2_run_load_start__ = ALIGN (__RAM2_segment_start__, 0x4)

.data2_run      0x000000002007c000        0x0
                0x000000002007c000                __data2_run_start__ = .
 *(.data2_run .data2_run.*)
                0x000000002007c000                __data2_run_end__ = (__data2_run_start__ + SIZEOF (.data2_run))
                0x0000000000000000                __data2_run_size__ = SIZEOF (.data2_run)
                0x000000002007c000                __data2_run_load_end__ = __data2_run_end__
                0x0000000000000001                . = ASSERT (((__data2_run_start__ == __data2_run_end__) || ((__data2_run_end__ >= __RAM2_segment_start__) && (__data2_run_end__ <= __RAM2_segment_end__))), error: .data2_run is too large to fit in RAM2 memory segment)
                0x000000002007c000                __bss2_load_start__ = ALIGN (__data2_run_end__, 0x4)

.bss2           0x000000002007c000        0x0
                0x000000002007c000                __bss2_start__ = .
 *(.bss2 .bss2.*)
                0x000000002007c000                __bss2_end__ = (__bss2_start__ + SIZEOF (.bss2))
                0x0000000000000000                __bss2_size__ = SIZEOF (.bss2)
                0x000000002007c000                __bss2_load_end__ = __bss2_end__
                0x000000002007c000                __RAM2_segment_used_end__ = (ALIGN (__data2_run_end__, 0x4) + SIZEOF (.bss2))
                0x0000000000000000                __RAM2_segment_used_size__ = (__RAM2_segment_used_end__ - __RAM2_segment_start__)
                0x0000000000000001                . = ASSERT (((__bss2_start__ == __bss2_end__) || ((__bss2_end__ >= __RAM2_segment_start__) && (__bss2_end__ <= __RAM2_segment_end__))), error: .bss2 is too large to fit in RAM2 memory segment)
                0x0000000010000000                __vectors_ram_load_start__ = ALIGN (__RAM_segment_start__, 0x100)

.vectors_ram    0x0000000010000000        0x0
                0x0000000010000000                __vectors_ram_start__ = .
 *(.vectors_ram .vectors_ram.*)
                0x0000000010000000                __vectors_ram_end__ = (__vectors_ram_start__ + SIZEOF (.vectors_ram))
                0x0000000000000000                __vectors_ram_size__ = SIZEOF (.vectors_ram)
                0x0000000010000000                __vectors_ram_load_end__ = __vectors_ram_end__
                0x0000000000000001                . = ASSERT (((__vectors_ram_start__ == __vectors_ram_end__) || ((__vectors_ram_end__ >= __RAM_segment_start__) && (__vectors_ram_end__ <= __RAM_segment_end__))), error: .vectors_ram is too large to fit in RAM memory segment)
                0x0000000000000000                __vectors_load_start__ = ALIGN (__FLASH_segment_start__, 0x100)

.vectors        0x0000000000000000       0xcc
                0x0000000000000000                __vectors_start__ = .
 *(.vectors .vectors.*)
 .vectors       0x0000000000000000       0xcc Output/nrf24-arm Release/Obj/LPC176x5x_Vectors.o
                0x0000000000000000                _vectors
                0x00000000000000cc                __vectors_end__ = (__vectors_start__ + SIZEOF (.vectors))
                0x00000000000000cc                __vectors_size__ = SIZEOF (.vectors)
                0x00000000000000cc                __vectors_load_end__ = __vectors_end__
                0x0000000000000001                . = ASSERT (((__vectors_start__ == __vectors_end__) || ((__vectors_end__ >= __FLASH_segment_start__) && (__vectors_end__ <= __FLASH_segment_end__))), error: .vectors is too large to fit in FLASH memory segment)
                0x00000000000000cc                __init_load_start__ = ALIGN (__vectors_end__, 0x4)

.init           0x00000000000000cc      0x2d4
                0x00000000000000cc                __init_start__ = .
 *(.init .init.*)
 .init.SystemInit
                0x00000000000000cc      0x100 Output/nrf24-arm Release/Obj/system_LPC17xx.o
                0x00000000000000cc                SystemInit
 .init          0x00000000000001cc      0x158 Output/nrf24-arm Release/Obj/thumb_crt0.o
                0x00000000000001cc                _start
                0x000000000000027e                exit
 .init          0x0000000000000324       0x28 Output/nrf24-arm Release/Obj/LPC1700_Startup.o
                0x0000000000000324                Reset_Handler
 .init          0x000000000000034c       0x54 Output/nrf24-arm Release/Obj/LPC176x5x_Vectors.o
                0x000000000000034c                NMI_Handler
                0x000000000000034e                HardFault_Handler
                0x0000000000000350                SVC_Handler
                0x0000000000000352                PendSV_Handler
                0x0000000000000354                SysTick_Handler
                0x0000000000000358                WDT_IRQHandler
                0x000000000000035a                TIMER0_IRQHandler
                0x000000000000035c                TIMER1_IRQHandler
                0x000000000000035e                TIMER2_IRQHandler
                0x0000000000000360                TIMER3_IRQHandler
                0x0000000000000362                UART0_IRQHandler
                0x0000000000000364                UART1_IRQHandler
                0x0000000000000366                UART2_IRQHandler
                0x0000000000000368                UART3_IRQHandler
                0x000000000000036a                PWM1_IRQHandler
                0x000000000000036c                I2C0_IRQHandler
                0x000000000000036e                I2C1_IRQHandler
                0x0000000000000370                I2C2_IRQHandler
                0x0000000000000372                SPI_IRQHandler
                0x0000000000000374                SSP0_IRQHandler
                0x0000000000000376                SSP1_IRQHandler
                0x0000000000000378                PLL0_IRQHandler
                0x000000000000037a                RTC_IRQHandler
                0x000000000000037c                EINT0_IRQHandler
                0x000000000000037e                EINT1_IRQHandler
                0x0000000000000380                EINT2_IRQHandler
                0x0000000000000382                EINT3_IRQHandler
                0x0000000000000384                ADC_IRQHandler
                0x0000000000000386                BOD_IRQHandler
                0x0000000000000388                USB_IRQHandler
                0x000000000000038a                CAN_IRQHandler
                0x000000000000038c                DMA_IRQHandler
                0x000000000000038e                I2S_IRQHandler
                0x0000000000000390                ENET_IRQHandler
                0x0000000000000392                RIT_IRQHandler
                0x0000000000000394                MCPWM_IRQHandler
                0x0000000000000396                QEI_IRQHandler
                0x0000000000000398                PLL1_IRQHandler
                0x000000000000039a                USBActivity_IRQHandler
                0x000000000000039c                CANActivity_IRQHandler
                0x00000000000003a0                __init_end__ = (__init_start__ + SIZEOF (.init))
                0x00000000000002d4                __init_size__ = SIZEOF (.init)
                0x00000000000003a0                __init_load_end__ = __init_end__
                0x0000000000000001                . = ASSERT (((__init_start__ == __init_end__) || ((__init_end__ >= __FLASH_segment_start__) && (__init_end__ <= __FLASH_segment_end__))), error: .init is too large to fit in FLASH memory segment)
                0x00000000000003a0                __init_rodata_load_start__ = ALIGN (__init_end__, 0x4)

.init_rodata    0x00000000000003a0        0x0
                0x00000000000003a0                __init_rodata_start__ = .
 *(.init_rodata .init_rodata.*)
                0x00000000000003a0                __init_rodata_end__ = (__init_rodata_start__ + SIZEOF (.init_rodata))
                0x0000000000000000                __init_rodata_size__ = SIZEOF (.init_rodata)
                0x00000000000003a0                __init_rodata_load_end__ = __init_rodata_end__
                0x0000000000000001                . = ASSERT (((__init_rodata_start__ == __init_rodata_end__) || ((__init_rodata_end__ >= __FLASH_segment_start__) && (__init_rodata_end__ <= __FLASH_segment_end__))), error: .init_rodata is too large to fit in FLASH memory segment)
                0x00000000000003a0                __text_load_start__ = ALIGN (__init_rodata_end__, 0x4)

.text           0x00000000000003a0      0x788
                0x00000000000003a0                __text_start__ = .
 *(.text .text.* .glue_7t .glue_7 .gnu.linkonce.t.* .gcc_except_table .ARM.extab* .gnu.linkonce.armextab.*)
 .glue_7        0x00000000000003a0        0x0 linker stubs
 .glue_7t       0x00000000000003a0        0x0 linker stubs
 .text.main     0x00000000000003a0       0x2c Output/nrf24-arm Release/Obj/main.o
                0x00000000000003a0                main
 .text.__printf_lock
                0x00000000000003cc        0x2 Output/nrf24-arm Release/Obj/thumb_crt0.o
                0x00000000000003cc                __printf_lock
 .text.__printf_unlock
                0x00000000000003ce        0x2 Output/nrf24-arm Release/Obj/thumb_crt0.o
                0x00000000000003ce                __printf_unlock
 .text.__debug_io_lock
                0x00000000000003d0        0x2 Output/nrf24-arm Release/Obj/thumb_crt0.o
                0x00000000000003d0                __debug_io_lock
 .text.__debug_io_unlock
                0x00000000000003d2        0x2 Output/nrf24-arm Release/Obj/thumb_crt0.o
                0x00000000000003d2                __debug_io_unlock
 .text.__putchar
                0x00000000000003d4        0x4 Output/nrf24-arm Release/Obj/thumb_crt0.o
                0x00000000000003d4                __putchar
 .text.SSP_SetClock
                0x00000000000003d8       0x78 Output/nrf24-arm Release/Obj/lpc17xx_ssp.o
                0x00000000000003d8                SSP_SetClock
 .text.SSP_Init
                0x0000000000000450       0xa4 Output/nrf24-arm Release/Obj/lpc17xx_ssp.o
                0x0000000000000450                SSP_Init
 .text.CLKPWR_GetPCLKSEL
                0x00000000000004f4       0x24 Output/nrf24-arm Release/Obj/lpc17xx_clkpwr.o
                0x00000000000004f4                CLKPWR_GetPCLKSEL
 .text.CLKPWR_GetPCLK
                0x0000000000000518       0x24 Output/nrf24-arm Release/Obj/lpc17xx_clkpwr.o
                0x0000000000000518                CLKPWR_GetPCLK
 .text.CLKPWR_ConfigPPWR
                0x000000000000053c       0x34 Output/nrf24-arm Release/Obj/lpc17xx_clkpwr.o
                0x000000000000053c                CLKPWR_ConfigPPWR
 .text.libc.__putc
                0x0000000000000570       0x34 /usr/share/segger_embedded_studio_3.30/lib/libc_v7m_t_le_eabi.a(libc2.o)
                0x0000000000000570                __putc
 .text.libc.printf
                0x00000000000005a4       0x40 /usr/share/segger_embedded_studio_3.30/lib/libc_v7m_t_le_eabi.a(libc2.o)
                0x00000000000005a4                printf
 .text.libdebugio.debug_putchar
                0x00000000000005e4       0x18 /usr/share/segger_embedded_studio_3.30/lib/libdebugio_v7m_t_le_eabi.a(libdebugio.o)
                0x00000000000005e4                debug_putchar
 .text.libc.__vfprintf_int_nwp
                0x00000000000005fc      0x4fc /usr/share/segger_embedded_studio_3.30/lib/libvfprintf_v7m_t_le_eabi.o
                0x00000000000005fc                __vfprintf_int_nwp
 .text.libdebugio.__do_debug_operation
                0x0000000000000af8       0x30 /usr/share/segger_embedded_studio_3.30/lib/libdebugio_mempoll_v7m_t_le_eabi.a(mempoll_debug_operations.o)
                0x0000000000000af8                __do_debug_operation
                0x0000000000000b28                __text_end__ = (__text_start__ + SIZEOF (.text))
                0x0000000000000788                __text_size__ = SIZEOF (.text)
                0x0000000000000b28                __text_load_end__ = __text_end__

.vfp11_veneer   0x0000000100000000        0x0
 .vfp11_veneer  0x0000000100000000        0x0 linker stubs

.v4_bx          0x0000000100000000        0x0
 .v4_bx         0x0000000100000000        0x0 linker stubs

.iplt           0x0000000100000000        0x0
 .iplt          0x0000000100000000        0x0 Output/nrf24-arm Release/Obj/system_LPC17xx.o
                0x0000000000000001                . = ASSERT (((__text_start__ == __text_end__) || ((__text_end__ >= __FLASH_segment_start__) && (__text_end__ <= __FLASH_segment_end__))), error: .text is too large to fit in FLASH memory segment)
                0x0000000000000b28                __dtors_load_start__ = ALIGN (__text_end__, 0x4)

.dtors          0x0000000000000b28        0x0
                0x0000000000000b28                __dtors_start__ = .
 *(SORT(.dtors.*))
 *(.dtors)
 *(.fini_array)
 *(SORT(.fini_array.*))
                0x0000000000000b28                __dtors_end__ = (__dtors_start__ + SIZEOF (.dtors))
                0x0000000000000000                __dtors_size__ = SIZEOF (.dtors)
                0x0000000000000b28                __dtors_load_end__ = __dtors_end__
                0x0000000000000001                . = ASSERT (((__dtors_start__ == __dtors_end__) || ((__dtors_end__ >= __FLASH_segment_start__) && (__dtors_end__ <= __FLASH_segment_end__))), error: .dtors is too large to fit in FLASH memory segment)
                0x0000000000000b28                __ctors_load_start__ = ALIGN (__dtors_end__, 0x4)

.ctors          0x0000000000000b28        0x0
                0x0000000000000b28                __ctors_start__ = .
 *(SORT(.ctors.*))
 *(.ctors)
 *(.init_array)
 *(SORT(.init_array.*))
                0x0000000000000b28                __ctors_end__ = (__ctors_start__ + SIZEOF (.ctors))
                0x0000000000000000                __ctors_size__ = SIZEOF (.ctors)
                0x0000000000000b28                __ctors_load_end__ = __ctors_end__
                0x0000000000000001                . = ASSERT (((__ctors_start__ == __ctors_end__) || ((__ctors_end__ >= __FLASH_segment_start__) && (__ctors_end__ <= __FLASH_segment_end__))), error: .ctors is too large to fit in FLASH memory segment)
                0x0000000000000b28                __rodata_load_start__ = ALIGN (__ctors_end__, 0x4)

.rodata         0x0000000000000b28       0x84
                0x0000000000000b28                __rodata_start__ = .
 *(.rodata .rodata.* .gnu.linkonce.r.*)
 .rodata.main.str1.4
                0x0000000000000b28       0x11 Output/nrf24-arm Release/Obj/main.o
 *fill*         0x0000000000000b39        0x3 
 .rodata.SSP_SetClock.str1.4
                0x0000000000000b3c       0x50 Output/nrf24-arm Release/Obj/lpc17xx_ssp.o
                                         0x4f (size before relaxing)
 .rodata.libc.__RAL_hex_lc
                0x0000000000000b8c       0x10 /usr/share/segger_embedded_studio_3.30/lib/libc_v7m_t_le_eabi.a(libc2.o)
                0x0000000000000b8c                __RAL_hex_lc
 .rodata.libc.__RAL_hex_uc
                0x0000000000000b9c       0x10 /usr/share/segger_embedded_studio_3.30/lib/libc_v7m_t_le_eabi.a(libc2.o)
                0x0000000000000b9c                __RAL_hex_uc
                0x0000000000000bac                __rodata_end__ = (__rodata_start__ + SIZEOF (.rodata))
                0x0000000000000084                __rodata_size__ = SIZEOF (.rodata)
                0x0000000000000bac                __rodata_load_end__ = __rodata_end__

.rel.dyn        0x0000000000000000        0x0
 .rel.iplt      0x0000000000000000        0x0 Output/nrf24-arm Release/Obj/system_LPC17xx.o
                0x0000000000000001                . = ASSERT (((__rodata_start__ == __rodata_end__) || ((__rodata_end__ >= __FLASH_segment_start__) && (__rodata_end__ <= __FLASH_segment_end__))), error: .rodata is too large to fit in FLASH memory segment)
                0x0000000000000bac                __ARM.exidx_load_start__ = ALIGN (__rodata_end__, 0x4)

.ARM.exidx      0x0000000000000bac        0x0
                0x0000000000000bac                __ARM.exidx_start__ = .
                0x0000000000000bac                __exidx_start = __ARM.exidx_start__
 *(.ARM.exidx .ARM.exidx.*)
                0x0000000000000bac                __ARM.exidx_end__ = (__ARM.exidx_start__ + SIZEOF (.ARM.exidx))
                0x0000000000000000                __ARM.exidx_size__ = SIZEOF (.ARM.exidx)
                0x0000000000000bac                __exidx_end = __ARM.exidx_end__
                0x0000000000000bac                __ARM.exidx_load_end__ = __ARM.exidx_end__
                0x0000000000000001                . = ASSERT (((__ARM.exidx_start__ == __ARM.exidx_end__) || ((__ARM.exidx_end__ >= __FLASH_segment_start__) && (__ARM.exidx_end__ <= __FLASH_segment_end__))), error: .ARM.exidx is too large to fit in FLASH memory segment)
                0x0000000000000bac                __fast_load_start__ = ALIGN (__ARM.exidx_end__, 0x4)

.fast           0x0000000010000000        0x0 load address 0x0000000000000bac
                0x0000000010000000                __fast_start__ = .
 *(.fast .fast.*)
                0x0000000010000000                __fast_end__ = (__fast_start__ + SIZEOF (.fast))
                0x0000000000000000                __fast_size__ = SIZEOF (.fast)
                0x0000000000000bac                __fast_load_end__ = (__fast_load_start__ + SIZEOF (.fast))
                0x0000000000000001                . = ASSERT (((__fast_load_start__ == __fast_load_end__) || ((__fast_load_end__ >= __FLASH_segment_start__) && (__fast_load_end__ <= __FLASH_segment_end__))), error: .fast is too large to fit in FLASH memory segment)

.fast_run       0x0000000010000000        0x0
                0x0000000010000000                __fast_run_start__ = .
                0x0000000010000000                . = MAX ((__fast_run_start__ + SIZEOF (.fast)), .)
                0x0000000010000000                __fast_run_end__ = (__fast_run_start__ + SIZEOF (.fast_run))
                0x0000000000000000                __fast_run_size__ = SIZEOF (.fast_run)
                0x0000000010000000                __fast_run_load_end__ = __fast_run_end__
                0x0000000000000001                . = ASSERT (((__fast_run_start__ == __fast_run_end__) || ((__fast_run_end__ >= __RAM_segment_start__) && (__fast_run_end__ <= __RAM_segment_end__))), error: .fast_run is too large to fit in RAM memory segment)
                0x0000000000000bac                __data_load_start__ = ALIGN ((__fast_load_start__ + SIZEOF (.fast)), 0x4)

.data           0x0000000010000000       0x1c load address 0x0000000000000bac
                0x0000000010000000                __data_start__ = .
 *(.data .data.* .gnu.linkonce.d.*)
 .data.SystemCoreClock
                0x0000000010000000        0x4 Output/nrf24-arm Release/Obj/system_LPC17xx.o
                0x0000000010000000                SystemCoreClock
 .data.sspconfig
                0x0000000010000004       0x18 Output/nrf24-arm Release/Obj/main.o
                0x0000000010000004                sspconfig
                0x000000001000001c                __data_end__ = (__data_start__ + SIZEOF (.data))
                0x000000000000001c                __data_size__ = SIZEOF (.data)
                0x0000000000000bc8                __data_load_end__ = (__data_load_start__ + SIZEOF (.data))

.igot.plt       0x0000000100000000        0x0
 .igot.plt      0x0000000100000000        0x0 Output/nrf24-arm Release/Obj/system_LPC17xx.o
                0x0000000000000001                . = ASSERT (((__data_load_start__ == __data_load_end__) || ((__data_load_end__ >= __FLASH_segment_start__) && (__data_load_end__ <= __FLASH_segment_end__))), error: .data is too large to fit in FLASH memory segment)

.data_run       0x0000000010000000       0x1c load address 0x0000000000000bac
                0x0000000010000000                __data_run_start__ = .
                0x000000001000001c                . = MAX ((__data_run_start__ + SIZEOF (.data)), .)
 *fill*         0x0000000010000000       0x1c 
                0x000000001000001c                __data_run_end__ = (__data_run_start__ + SIZEOF (.data_run))
                0x000000000000001c                __data_run_size__ = SIZEOF (.data_run)
                0x000000001000001c                __data_run_load_end__ = __data_run_end__
                0x0000000000000001                . = ASSERT (((__data_run_start__ == __data_run_end__) || ((__data_run_end__ >= __RAM_segment_start__) && (__data_run_end__ <= __RAM_segment_end__))), error: .data_run is too large to fit in RAM memory segment)
                0x0000000000000bc8                __tdata_load_start__ = ALIGN ((__data_load_start__ + SIZEOF (.data)), 0x4)

.tdata          0x000000001000001c        0x0 load address 0x0000000000000bc8
                0x000000001000001c                __tdata_start__ = .
 *(.tdata .tdata.*)
                0x000000001000001c                __tdata_end__ = (__tdata_start__ + SIZEOF (.tdata))
                0x0000000000000000                __tdata_size__ = SIZEOF (.tdata)
                0x0000000000000bc8                __tdata_load_end__ = (__tdata_load_start__ + SIZEOF (.tdata))
                0x0000000000000bc8                __FLASH_segment_used_end__ = (ALIGN ((__data_load_start__ + SIZEOF (.data)), 0x4) + SIZEOF (.tdata))
                0x0000000000000bc8                __FLASH_segment_used_size__ = (__FLASH_segment_used_end__ - __FLASH_segment_start__)
                0x0000000000000001                . = ASSERT (((__tdata_load_start__ == __tdata_load_end__) || ((__tdata_load_end__ >= __FLASH_segment_start__) && (__tdata_load_end__ <= __FLASH_segment_end__))), error: .tdata is too large to fit in FLASH memory segment)

.tdata_run      0x000000001000001c        0x0
                0x000000001000001c                __tdata_run_start__ = .
                0x000000001000001c                . = MAX ((__tdata_run_start__ + SIZEOF (.tdata)), .)
                0x000000001000001c                __tdata_run_end__ = (__tdata_run_start__ + SIZEOF (.tdata_run))
                0x0000000000000000                __tdata_run_size__ = SIZEOF (.tdata_run)
                0x000000001000001c                __tdata_run_load_end__ = __tdata_run_end__
                0x0000000000000001                . = ASSERT (((__tdata_run_start__ == __tdata_run_end__) || ((__tdata_run_end__ >= __RAM_segment_start__) && (__tdata_run_end__ <= __RAM_segment_end__))), error: .tdata_run is too large to fit in RAM memory segment)
                0x000000001000001c                __bss_load_start__ = ALIGN (__tdata_run_end__, 0x4)

.bss            0x000000001000001c       0x24
                0x000000001000001c                __bss_start__ = .
 *(.bss .bss.* .gnu.linkonce.b.*)
 .bss.sspdat    0x000000001000001c       0x18 Output/nrf24-arm Release/Obj/lpc17xx_ssp.o
 .bss.libc.__user_format_extender
                0x0000000010000034        0x4 /usr/share/segger_embedded_studio_3.30/lib/libc_v7m_t_le_eabi.a(libc2.o)
                0x0000000010000034                __user_format_extender
 .bss.libdebugio.dbgCntrlWord_mempoll
                0x0000000010000038        0x4 /usr/share/segger_embedded_studio_3.30/lib/libdebugio_mempoll_v7m_t_le_eabi.a(mempoll_debug_operations.o)
                0x0000000010000038                dbgCntrlWord_mempoll
 .bss.libdebugio.dbgCommWord
                0x000000001000003c        0x4 /usr/share/segger_embedded_studio_3.30/lib/libdebugio_mempoll_v7m_t_le_eabi.a(mempoll_debug_operations.o)
                0x000000001000003c                dbgCommWord
 *(COMMON)
                0x0000000010000040                __bss_end__ = (__bss_start__ + SIZEOF (.bss))
                0x0000000000000024                __bss_size__ = SIZEOF (.bss)
                0x0000000010000040                __bss_load_end__ = __bss_end__
                0x0000000000000001                . = ASSERT (((__bss_start__ == __bss_end__) || ((__bss_end__ >= __RAM_segment_start__) && (__bss_end__ <= __RAM_segment_end__))), error: .bss is too large to fit in RAM memory segment)
                0x0000000010000040                __tbss_load_start__ = ALIGN (__bss_end__, 0x4)

.tbss           0x0000000010000040        0x0
                0x0000000010000040                __tbss_start__ = .
 *(.tbss .tbss.*)
                0x0000000010000040                __tbss_end__ = (__tbss_start__ + SIZEOF (.tbss))
                0x0000000000000000                __tbss_size__ = SIZEOF (.tbss)
                0x0000000010000040                __tbss_load_end__ = __tbss_end__
                0x0000000000000001                . = ASSERT (((__tbss_start__ == __tbss_end__) || ((__tbss_end__ >= __RAM_segment_start__) && (__tbss_end__ <= __RAM_segment_end__))), error: .tbss is too large to fit in RAM memory segment)
                0x0000000010000040                __non_init_load_start__ = ALIGN (__tbss_end__, 0x4)

.non_init       0x0000000010000040        0x0
                0x0000000010000040                __non_init_start__ = .
 *(.non_init .non_init.*)
                0x0000000010000040                __non_init_end__ = (__non_init_start__ + SIZEOF (.non_init))
                0x0000000000000000                __non_init_size__ = SIZEOF (.non_init)
                0x0000000010000040                __non_init_load_end__ = __non_init_end__
                0x0000000000000001                . = ASSERT (((__non_init_start__ == __non_init_end__) || ((__non_init_end__ >= __RAM_segment_start__) && (__non_init_end__ <= __RAM_segment_end__))), error: .non_init is too large to fit in RAM memory segment)
                0x0000000010000040                __heap_load_start__ = ALIGN (__non_init_end__, 0x4)

.heap           0x0000000010000040      0x100
                0x0000000010000040                __heap_start__ = .
 *(.heap .heap.*)
                0x0000000010000140                . = ALIGN (MAX ((__heap_start__ + __HEAPSIZE__), .), 0x4)
 *fill*         0x0000000010000040      0x100 
                0x0000000010000140                __heap_end__ = (__heap_start__ + SIZEOF (.heap))
                0x0000000000000100                __heap_size__ = SIZEOF (.heap)
                0x0000000010000140                __heap_load_end__ = __heap_end__
                0x0000000000000001                . = ASSERT (((__heap_start__ == __heap_end__) || ((__heap_end__ >= __RAM_segment_start__) && (__heap_end__ <= __RAM_segment_end__))), error: .heap is too large to fit in RAM memory segment)
                0x0000000010007f00                __stack_load_start__ = (__RAM_segment_end__ - 0x100)

.stack          0x0000000010007f00      0x100
                0x0000000010007f00                __stack_start__ = .
 *(.stack .stack.*)
                0x0000000010008000                . = ALIGN (MAX ((__stack_start__ + __STACKSIZE__), .), 0x8)
 *fill*         0x0000000010007f00      0x100 
                0x0000000010008000                __stack_end__ = (__stack_start__ + SIZEOF (.stack))
                0x0000000000000100                __stack_size__ = SIZEOF (.stack)
                0x0000000010008000                __stack_load_end__ = __stack_end__
                0x0000000000000001                . = ASSERT (((__stack_start__ == __stack_end__) || ((__stack_end__ >= __RAM_segment_start__) && (__stack_end__ <= __RAM_segment_end__))), error: .stack is too large to fit in RAM memory segment)
                0x0000000000000001                . = ASSERT ((__heap_end__ <= __stack_start__), error: section .heap overlaps absolute placed section .stack)
                0x0000000010008000                __stack_process_load_start__ = ALIGN (__stack_end__, 0x8)

.stack_process  0x0000000010008000        0x0
                0x0000000010008000                __stack_process_start__ = .
 *(.stack_process .stack_process.*)
                0x0000000010008000                . = ALIGN (MAX ((__stack_process_start__ + __STACKSIZE_PROCESS__), .), 0x8)
                0x0000000010008000                __stack_process_end__ = (__stack_process_start__ + SIZEOF (.stack_process))
                0x0000000000000000                __stack_process_size__ = SIZEOF (.stack_process)
                0x0000000010008000                __stack_process_load_end__ = __stack_process_end__
                0x0000000010008000                __RAM_segment_used_end__ = (ALIGN (__stack_end__, 0x8) + SIZEOF (.stack_process))
                0x0000000000008000                __RAM_segment_used_size__ = (__RAM_segment_used_end__ - __RAM_segment_start__)
                0x0000000000000001                . = ASSERT (((__stack_process_start__ == __stack_process_end__) || ((__stack_process_end__ >= __RAM_segment_start__) && (__stack_process_end__ <= __RAM_segment_end__))), error: .stack_process is too large to fit in RAM memory segment)
START GROUP
LOAD Output/nrf24-arm Release/Obj/system_LPC17xx.o
LOAD Output/nrf24-arm Release/Obj/main.o
LOAD Output/nrf24-arm Release/Obj/thumb_crt0.o
LOAD Output/nrf24-arm Release/Obj/LPC1700_Startup.o
LOAD Output/nrf24-arm Release/Obj/LPC176x5x_Vectors.o
LOAD Output/nrf24-arm Release/Obj/lpc17xx_spi.o
LOAD Output/nrf24-arm Release/Obj/lpc17xx_ssp.o
LOAD Output/nrf24-arm Release/Obj/lpc17xx_clkpwr.o
LOAD Output/nrf24-arm Release/Obj/lpc17xx_gpio.o
LOAD Output/nrf24-arm Release/Obj/lpc17xx_pinsel.o
LOAD /usr/share/segger_embedded_studio_3.30/lib/libdebugio_mempoll_v7m_t_le_eabi.a
LOAD /usr/share/segger_embedded_studio_3.30/lib/libm_v7m_t_le_eabi.a
LOAD /usr/share/segger_embedded_studio_3.30/lib/libc_v7m_t_le_eabi.a
LOAD /usr/share/segger_embedded_studio_3.30/lib/libcpp_v7m_t_le_eabi.a
LOAD /usr/share/segger_embedded_studio_3.30/lib/libdebugio_v7m_t_le_eabi.a
LOAD /usr/share/segger_embedded_studio_3.30/lib/libvfprintf_v7m_t_le_eabi.o
LOAD /usr/share/segger_embedded_studio_3.30/lib/libvfscanf_v7m_t_le_eabi.o
END GROUP
OUTPUT(Output/Release/Exe/nrf24-arm.elf elf32-littlearm)

.comment        0x0000000000000000       0x4c
 .comment       0x0000000000000000       0x4c Output/nrf24-arm Release/Obj/system_LPC17xx.o
                                         0x4d (size before relaxing)
 .comment       0x000000000000004c       0x4d Output/nrf24-arm Release/Obj/main.o
 .comment       0x000000000000004c       0x4d Output/nrf24-arm Release/Obj/lpc17xx_ssp.o
 .comment       0x000000000000004c       0x4d Output/nrf24-arm Release/Obj/lpc17xx_clkpwr.o
 .comment       0x000000000000004c       0x4d /usr/share/segger_embedded_studio_3.30/lib/libc_v7m_t_le_eabi.a(libc2.o)
 .comment       0x000000000000004c       0x4d /usr/share/segger_embedded_studio_3.30/lib/libdebugio_v7m_t_le_eabi.a(libdebugio.o)
 .comment       0x000000000000004c       0x4d /usr/share/segger_embedded_studio_3.30/lib/libvfprintf_v7m_t_le_eabi.o
 .comment       0x000000000000004c       0x4d /usr/share/segger_embedded_studio_3.30/lib/libdebugio_mempoll_v7m_t_le_eabi.a(mempoll_debug_operations.o)

.ARM.attributes
                0x0000000000000000       0x31
 .ARM.attributes
                0x0000000000000000       0x33 Output/nrf24-arm Release/Obj/system_LPC17xx.o
 .ARM.attributes
                0x0000000000000033       0x33 Output/nrf24-arm Release/Obj/main.o
 .ARM.attributes
                0x0000000000000066       0x21 Output/nrf24-arm Release/Obj/thumb_crt0.o
 .ARM.attributes
                0x0000000000000087       0x21 Output/nrf24-arm Release/Obj/LPC1700_Startup.o
 .ARM.attributes
                0x00000000000000a8       0x21 Output/nrf24-arm Release/Obj/LPC176x5x_Vectors.o
 .ARM.attributes
                0x00000000000000c9       0x33 Output/nrf24-arm Release/Obj/lpc17xx_ssp.o
 .ARM.attributes
                0x00000000000000fc       0x33 Output/nrf24-arm Release/Obj/lpc17xx_clkpwr.o
 .ARM.attributes
                0x000000000000012f       0x2d /usr/share/segger_embedded_studio_3.30/lib/libc_v7m_t_le_eabi.a(libc2.o)
 .ARM.attributes
                0x000000000000015c       0x2d /usr/share/segger_embedded_studio_3.30/lib/libdebugio_v7m_t_le_eabi.a(libdebugio.o)
 .ARM.attributes
                0x0000000000000189       0x2d /usr/share/segger_embedded_studio_3.30/lib/libvfprintf_v7m_t_le_eabi.o
 .ARM.attributes
                0x00000000000001b6       0x2d /usr/share/segger_embedded_studio_3.30/lib/libdebugio_mempoll_v7m_t_le_eabi.a(mempoll_debug_operations.o)
