Archive member included to satisfy reference by file (symbol)

/opt/emStudio/lib/libc_v7m_t_le_eabi.a(libc_asm.o)
                              Output/nrf24-arm Debug/Obj/system_LPC17xx.o (__aeabi_uldivmod)
/opt/emStudio/lib/libdebugio_v7m_t_le_eabi.a(libdebugio.o)
                              Output/nrf24-arm Debug/Obj/thumb_crt0.o (debug_fopen)
/opt/emStudio/lib/libdebugio_mempoll_v7m_t_le_eabi.a(mempoll_debug_operations.o)
                              /opt/emStudio/lib/libdebugio_v7m_t_le_eabi.a(libdebugio.o) (__do_debug_operation)
/opt/emStudio/lib/libdebugio_mempoll_v7m_t_le_eabi.a(do_nv_debug_operation.o)
                              /opt/emStudio/lib/libdebugio_v7m_t_le_eabi.a(libdebugio.o) (__do_nvdebug_operation)
/opt/emStudio/lib/libm_v7m_t_le_eabi.a(libm_asm.o)
                              /opt/emStudio/lib/libvfscanf_v7m_t_le_eabi.o (__aeabi_i2d)
/opt/emStudio/lib/libm_v7m_t_le_eabi.a(libm2.o)
                              /opt/emStudio/lib/libvfprintf_v7m_t_le_eabi.o (frexp)
/opt/emStudio/lib/libm_v7m_t_le_eabi.a(libm2_asm.o)
                              /opt/emStudio/lib/libm_v7m_t_le_eabi.a(libm2.o) (fabs)
/opt/emStudio/lib/libc_v7m_t_le_eabi.a(libc2.o)
                              /opt/emStudio/lib/libvfscanf_v7m_t_le_eabi.o (__getc)
/opt/emStudio/lib/libc_v7m_t_le_eabi.a(libc2_asm.o)
                              /opt/emStudio/lib/libc_v7m_t_le_eabi.a(libc2.o) (memcpy)

Discarded input sections

 .group         0x0000000000000000        0x8 Output/nrf24-arm Debug/Obj/system_LPC17xx.o
 .group         0x0000000000000000        0x8 Output/nrf24-arm Debug/Obj/system_LPC17xx.o
 .group         0x0000000000000000        0x8 Output/nrf24-arm Debug/Obj/system_LPC17xx.o
 .group         0x0000000000000000        0x8 Output/nrf24-arm Debug/Obj/system_LPC17xx.o
 .group         0x0000000000000000        0x8 Output/nrf24-arm Debug/Obj/system_LPC17xx.o
 .group         0x0000000000000000        0x8 Output/nrf24-arm Debug/Obj/system_LPC17xx.o
 .group         0x0000000000000000        0x8 Output/nrf24-arm Debug/Obj/system_LPC17xx.o
 .text          0x0000000000000000        0x0 Output/nrf24-arm Debug/Obj/system_LPC17xx.o
 .data          0x0000000000000000        0x0 Output/nrf24-arm Debug/Obj/system_LPC17xx.o
 .bss           0x0000000000000000        0x0 Output/nrf24-arm Debug/Obj/system_LPC17xx.o
 .init          0x0000000000000000        0x0 Output/nrf24-arm Debug/Obj/system_LPC17xx.o
 .init.SystemCoreClockUpdate
                0x0000000000000000      0x230 Output/nrf24-arm Debug/Obj/system_LPC17xx.o
 .group         0x0000000000000000        0x8 Output/nrf24-arm Debug/Obj/main.o
 .group         0x0000000000000000        0x8 Output/nrf24-arm Debug/Obj/main.o
 .group         0x0000000000000000        0x8 Output/nrf24-arm Debug/Obj/main.o
 .group         0x0000000000000000        0x8 Output/nrf24-arm Debug/Obj/main.o
 .group         0x0000000000000000        0x8 Output/nrf24-arm Debug/Obj/main.o
 .group         0x0000000000000000        0x8 Output/nrf24-arm Debug/Obj/main.o
 .group         0x0000000000000000        0x8 Output/nrf24-arm Debug/Obj/main.o
 .group         0x0000000000000000        0x8 Output/nrf24-arm Debug/Obj/main.o
 .group         0x0000000000000000        0x8 Output/nrf24-arm Debug/Obj/main.o
 .group         0x0000000000000000        0x8 Output/nrf24-arm Debug/Obj/main.o
 .group         0x0000000000000000        0x8 Output/nrf24-arm Debug/Obj/main.o
 .group         0x0000000000000000        0x8 Output/nrf24-arm Debug/Obj/main.o
 .group         0x0000000000000000        0x8 Output/nrf24-arm Debug/Obj/main.o
 .text          0x0000000000000000        0x0 Output/nrf24-arm Debug/Obj/main.o
 .data          0x0000000000000000        0x0 Output/nrf24-arm Debug/Obj/main.o
 .bss           0x0000000000000000        0x0 Output/nrf24-arm Debug/Obj/main.o
 .data.sspconfig
                0x0000000000000000       0x18 Output/nrf24-arm Debug/Obj/main.o
 .debug_macro   0x0000000000000000      0x8ce Output/nrf24-arm Debug/Obj/main.o
 .debug_macro   0x0000000000000000       0x1c Output/nrf24-arm Debug/Obj/main.o
 .debug_macro   0x0000000000000000      0x189 Output/nrf24-arm Debug/Obj/main.o
 .debug_macro   0x0000000000000000       0x34 Output/nrf24-arm Debug/Obj/main.o
 .debug_macro   0x0000000000000000      0xcb4 Output/nrf24-arm Debug/Obj/main.o
 .debug_macro   0x0000000000000000      0x2d5 Output/nrf24-arm Debug/Obj/main.o
 .text          0x0000000000000000        0x0 Output/nrf24-arm Debug/Obj/thumb_crt0.o
 .data          0x0000000000000000        0x0 Output/nrf24-arm Debug/Obj/thumb_crt0.o
 .bss           0x0000000000000000        0x0 Output/nrf24-arm Debug/Obj/thumb_crt0.o
 .text.__aeabi_read_tp
                0x0000000000000000        0x8 Output/nrf24-arm Debug/Obj/thumb_crt0.o
 .text.__heap_lock
                0x0000000000000000        0x2 Output/nrf24-arm Debug/Obj/thumb_crt0.o
 .text.__heap_unlock
                0x0000000000000000        0x2 Output/nrf24-arm Debug/Obj/thumb_crt0.o
[...]
Memory Configuration

Name             Origin             Length             Attributes
UNPLACED_SECTIONS 0x0000000100000000 0x0000000000000000 xw
RAM2             0x000000002007c000 0x0000000000008000 xw
RAM              0x0000000010000000 0x0000000000008000 xw
FLASH            0x0000000000000000 0x0000000000080000 xr
*default*        0x0000000000000000 0xffffffffffffffff

Linker script and memory map

                0x0000000000000000                __vfprintf = __vfprintf_int_nwp
                0x0000000000000000                __vfscanf = __vfscanf_int
                0x000000002007c000                __RAM2_segment_start__ = 0x2007c000
                0x0000000020084000                __RAM2_segment_end__ = 0x20084000
                0x0000000000008000                __RAM2_segment_size__ = 0x8000
                0x0000000010000000                __RAM_segment_start__ = 0x10000000
                0x0000000010008000                __RAM_segment_end__ = 0x10008000
                0x0000000000008000                __RAM_segment_size__ = 0x8000
                0x0000000000000000                __FLASH_segment_start__ = 0x0
                0x0000000000080000                __FLASH_segment_end__ = 0x80000
                0x0000000000080000                __FLASH_segment_size__ = 0x80000
                0x0000000000000100                __HEAPSIZE__ = 0x100
                0x0000000000000000                __STACKSIZE_ABT__ = 0x0
                0x0000000000000000                __STACKSIZE_FIQ__ = 0x0
                0x0000000000000000                __STACKSIZE_IRQ__ = 0x0
                0x0000000000000000                __STACKSIZE_PROCESS__ = 0x0
                0x0000000000000000                __STACKSIZE_SVC__ = 0x0
                0x0000000000000000                __STACKSIZE_UND__ = 0x0
                0x0000000000000100                __STACKSIZE__ = 0x100
                0x000000002007c000                __data2_run_load_start__ = ALIGN (__RAM2_segment_start__, 0x4)

.data2_run      0x000000002007c000        0x0
                0x000000002007c000                __data2_run_start__ = .
 *(.data2_run .data2_run.*)
                0x000000002007c000                __data2_run_end__ = (__data2_run_start__ + SIZEOF (.data2_run))
                0x0000000000000000                __data2_run_size__ = SIZEOF (.data2_run)
                0x000000002007c000                __data2_run_load_end__ = __data2_run_end__
                0x0000000000000001                . = ASSERT (((__data2_run_start__ == __data2_run_end__) || ((__data2_run_end__ >= __RAM2_segment_start__) && (__data2_run_end__ <= __RAM2_segment_end__))), error: .data2_run is too large to fit in RAM2 memory segment)
                0x000000002007c000                __bss2_load_start__ = ALIGN (__data2_run_end__, 0x4)

.bss2           0x000000002007c000        0x0
                0x000000002007c000                __bss2_start__ = .
 *(.bss2 .bss2.*)
                0x000000002007c000                __bss2_end__ = (__bss2_start__ + SIZEOF (.bss2))
                0x0000000000000000                __bss2_size__ = SIZEOF (.bss2)
                0x000000002007c000                __bss2_load_end__ = __bss2_end__
                0x000000002007c000                __RAM2_segment_used_end__ = (ALIGN (__data2_run_end__, 0x4) + SIZEOF (.bss2))
                0x0000000000000000                __RAM2_segment_used_size__ = (__RAM2_segment_used_end__ - __RAM2_segment_start__)
                0x0000000000000001                . = ASSERT (((__bss2_start__ == __bss2_end__) || ((__bss2_end__ >= __RAM2_segment_start__) && (__bss2_end__ <= __RAM2_segment_end__))), error: .bss2 is too large to fit in RAM2 memory segment)
                0x0000000010000000                __vectors_ram_load_start__ = ALIGN (__RAM_segment_start__, 0x100)

.vectors_ram    0x0000000010000000        0x0
                0x0000000010000000                __vectors_ram_start__ = .
 *(.vectors_ram .vectors_ram.*)
                0x0000000010000000                __vectors_ram_end__ = (__vectors_ram_start__ + SIZEOF (.vectors_ram))
                0x0000000000000000                __vectors_ram_size__ = SIZEOF (.vectors_ram)
                0x0000000010000000                __vectors_ram_load_end__ = __vectors_ram_end__
                0x0000000000000001                . = ASSERT (((__vectors_ram_start__ == __vectors_ram_end__) || ((__vectors_ram_end__ >= __RAM_segment_start__) && (__vectors_ram_end__ <= __RAM_segment_end__))), error: .vectors_ram is too large to fit in RAM memory segment)
                0x0000000000000000                __vectors_load_start__ = ALIGN (__FLASH_segment_start__, 0x100)

.vectors        0x0000000000000000       0xcc
                0x0000000000000000                __vectors_start__ = .
 *(.vectors .vectors.*)
 .vectors       0x0000000000000000       0xcc Output/nrf24-arm Debug/Obj/LPC176x5x_Vectors.o
                0x0000000000000000                _vectors
                0x00000000000000cc                __vectors_end__ = (__vectors_start__ + SIZEOF (.vectors))
                0x00000000000000cc                __vectors_size__ = SIZEOF (.vectors)
                0x00000000000000cc                __vectors_load_end__ = __vectors_end__
                0x0000000000000001                . = ASSERT (((__vectors_start__ == __vectors_end__) || ((__vectors_end__ >= __FLASH_segment_start__) && (__vectors_end__ <= __FLASH_segment_end__))), error: .vectors is too large to fit in FLASH memory segment)
                0x00000000000000cc                __init_load_start__ = ALIGN (__vectors_end__, 0x4)

.init           0x00000000000000cc      0x320
                0x00000000000000cc                __init_start__ = .
 *(.init .init.*)
 .init.SystemInit
                0x00000000000000cc      0x14c Output/nrf24-arm Debug/Obj/system_LPC17xx.o
                0x00000000000000cc                SystemInit
 .init          0x0000000000000218      0x158 Output/nrf24-arm Debug/Obj/thumb_crt0.o
                0x0000000000000218                _start
                0x00000000000002ca                exit
 .init          0x0000000000000370       0x28 Output/nrf24-arm Debug/Obj/LPC1700_Startup.o
                0x0000000000000370                Reset_Handler
 .init          0x0000000000000398       0x54 Output/nrf24-arm Debug/Obj/LPC176x5x_Vectors.o
                0x0000000000000398                NMI_Handler
                0x000000000000039a                HardFault_Handler
                0x000000000000039c                SVC_Handler
                0x000000000000039e                PendSV_Handler
                0x00000000000003a0                SysTick_Handler
                0x00000000000003a4                WDT_IRQHandler
                0x00000000000003a6                TIMER0_IRQHandler
                0x00000000000003a8                TIMER1_IRQHandler
                0x00000000000003aa                TIMER2_IRQHandler
                0x00000000000003ac                TIMER3_IRQHandler
                0x00000000000003ae                UART0_IRQHandler
                0x00000000000003b0                UART1_IRQHandler
                0x00000000000003b2                UART2_IRQHandler
                0x00000000000003b4                UART3_IRQHandler
                0x00000000000003b6                PWM1_IRQHandler
                0x00000000000003b8                I2C0_IRQHandler
                0x00000000000003ba                I2C1_IRQHandler
                0x00000000000003bc                I2C2_IRQHandler
                0x00000000000003be                SPI_IRQHandler
                0x00000000000003c0                SSP0_IRQHandler
                0x00000000000003c2                SSP1_IRQHandler
                0x00000000000003c4                PLL0_IRQHandler
                0x00000000000003c6                RTC_IRQHandler
                0x00000000000003c8                EINT0_IRQHandler
                0x00000000000003ca                EINT1_IRQHandler
                0x00000000000003cc                EINT2_IRQHandler
                0x00000000000003d0                ADC_IRQHandler
                0x00000000000003d2                BOD_IRQHandler
                0x00000000000003d4                USB_IRQHandler
                0x00000000000003d6                CAN_IRQHandler
                0x00000000000003d8                DMA_IRQHandler
                0x00000000000003da                I2S_IRQHandler
                0x00000000000003dc                ENET_IRQHandler
                0x00000000000003de                RIT_IRQHandler
                0x00000000000003e0                MCPWM_IRQHandler
                0x00000000000003e2                QEI_IRQHandler
                0x00000000000003e4                PLL1_IRQHandler
                0x00000000000003e6                USBActivity_IRQHandler
                0x00000000000003e8                CANActivity_IRQHandler
                0x00000000000003ec                __init_end__ = (__init_start__ + SIZEOF (.init))
                0x0000000000000320                __init_size__ = SIZEOF (.init)
                0x00000000000003ec                __init_load_end__ = __init_end__
                0x0000000000000001                . = ASSERT (((__init_start__ == __init_end__) || ((__init_end__ >= __FLASH_segment_start__) && (__init_end__ <= __FLASH_segment_end__))), error: .init is too large to fit in FLASH memory segment)
                0x00000000000003ec                __init_rodata_load_start__ = ALIGN (__init_end__, 0x4)

.init_rodata    0x00000000000003ec        0x0
                0x00000000000003ec                __init_rodata_start__ = .
 *(.init_rodata .init_rodata.*)
                0x00000000000003ec                __init_rodata_end__ = (__init_rodata_start__ + SIZEOF (.init_rodata))
                0x0000000000000000                __init_rodata_size__ = SIZEOF (.init_rodata)
                0x00000000000003ec                __init_rodata_load_end__ = __init_rodata_end__
                0x0000000000000001                . = ASSERT (((__init_rodata_start__ == __init_rodata_end__) || ((__init_rodata_end__ >= __FLASH_segment_start__) && (__init_rodata_end__ <= __FLASH_segment_end__))), error: .init_rodata is too large to fit in FLASH memory segment)
                0x00000000000003ec                __text_load_start__ = ALIGN (__init_rodata_end__, 0x4)

.text           0x00000000000003ec      0x824
                0x00000000000003ec                __text_start__ = .
 *(.text .text.* .glue_7t .glue_7 .gnu.linkonce.t.* .gcc_except_table .ARM.extab* .gnu.linkonce.armextab.*)
 .glue_7        0x00000000000003ec        0x0 linker stubs
 .glue_7t       0x00000000000003ec        0x0 linker stubs
 .text.main     0x00000000000003ec       0x10 Output/nrf24-arm Debug/Obj/main.o
                0x00000000000003ec                main
 .text.EINT3_IRQHandler
                0x00000000000003fc        0xa Output/nrf24-arm Debug/Obj/main.o
                0x00000000000003fc                EINT3_IRQHandler
 *fill*         0x0000000000000406        0x2 
 .text.SSP_getNum
                0x0000000000000408       0x30 Output/nrf24-arm Debug/Obj/lpc17xx_ssp.o
 .text.SSP_SetClock
                0x0000000000000438       0xc4 Output/nrf24-arm Debug/Obj/lpc17xx_ssp.o
                0x0000000000000438                SSP_SetClock
 .text.SSP_Init
                0x00000000000004fc       0xd8 Output/nrf24-arm Debug/Obj/lpc17xx_ssp.o
                0x00000000000004fc                SSP_Init
 .text.SSP_ConfigStructInit
                0x00000000000005d4       0x34 Output/nrf24-arm Debug/Obj/lpc17xx_ssp.o
                0x00000000000005d4                SSP_ConfigStructInit
 .text.SSP_Cmd  0x0000000000000608       0x78 Output/nrf24-arm Debug/Obj/lpc17xx_ssp.o
                0x0000000000000608                SSP_Cmd
 .text.SSP_SendData
                0x0000000000000680       0x44 Output/nrf24-arm Debug/Obj/lpc17xx_ssp.o
                0x0000000000000680                SSP_SendData
 .text.SSP_ReceiveData
                0x00000000000006c4       0x3c Output/nrf24-arm Debug/Obj/lpc17xx_ssp.o
                0x00000000000006c4                SSP_ReceiveData
 .text.SSP_GetStatus
                0x0000000000000700       0x70 Output/nrf24-arm Debug/Obj/lpc17xx_ssp.o
                0x0000000000000700                SSP_GetStatus
 .text.CLKPWR_GetPCLKSEL
                0x0000000000000770       0x40 Output/nrf24-arm Debug/Obj/lpc17xx_clkpwr.o
                0x0000000000000770                CLKPWR_GetPCLKSEL
 .text.CLKPWR_GetPCLK
                0x00000000000007b0       0x60 Output/nrf24-arm Debug/Obj/lpc17xx_clkpwr.o
                0x00000000000007b0                CLKPWR_GetPCLK
 .text.CLKPWR_ConfigPPWR
                0x0000000000000810       0x54 Output/nrf24-arm Debug/Obj/lpc17xx_clkpwr.o
                0x0000000000000810                CLKPWR_ConfigPPWR
 .text.check_failed
                0x0000000000000864        0x8 Output/nrf24-arm Debug/Obj/lpc17xx_libcfg_default.o
                0x0000000000000864                check_failed
 .text.NVIC_EnableIRQ
                0x000000000000086c       0x2c Output/nrf24-arm Debug/Obj/nrf24.o
 .text.init_irq
                0x0000000000000898       0x2c Output/nrf24-arm Debug/Obj/nrf24.o
                0x0000000000000898                init_irq
 .text.init_gpio
                0x00000000000008c4       0x38 Output/nrf24-arm Debug/Obj/nrf24.o
                0x00000000000008c4                init_gpio
 .text.init_ssp
                0x00000000000008fc       0x54 Output/nrf24-arm Debug/Obj/nrf24.o
                0x00000000000008fc                init_ssp
 .text.init_registers
                0x0000000000000950      0x150 Output/nrf24-arm Debug/Obj/nrf24.o
                0x0000000000000950                init_registers
 .text.nrf_init
                0x0000000000000aa0       0x12 Output/nrf24-arm Debug/Obj/nrf24.o
                0x0000000000000aa0                nrf_init
 *fill*         0x0000000000000ab2        0x2 
 .text.nrf_power_up
                0x0000000000000ab4       0x38 Output/nrf24-arm Debug/Obj/nrf24.o
                0x0000000000000ab4                nrf_power_up
 .text.intrupt  0x0000000000000aec        0x4 Output/nrf24-arm Debug/Obj/nrf24.o
                0x0000000000000aec                intrupt
 .text.write_register
                0x0000000000000af0       0x8c Output/nrf24-arm Debug/Obj/nrf24.o
                0x0000000000000af0                write_register
 .text.read_register
                0x0000000000000b7c       0x94 Output/nrf24-arm Debug/Obj/nrf24.o
                0x0000000000000b7c                read_register
                0x0000000000000c10                __text_end__ = (__text_start__ + SIZEOF (.text))
                0x0000000000000824                __text_size__ = SIZEOF (.text)
                0x0000000000000c10                __text_load_end__ = __text_end__

.vfp11_veneer   0x0000000100000000        0x0
 .vfp11_veneer  0x0000000100000000        0x0 linker stubs

.v4_bx          0x0000000100000000        0x0
 .v4_bx         0x0000000100000000        0x0 linker stubs

.iplt           0x0000000100000000        0x0
 .iplt          0x0000000100000000        0x0 Output/nrf24-arm Debug/Obj/system_LPC17xx.o
                0x0000000000000001                . = ASSERT (((__text_start__ == __text_end__) || ((__text_end__ >= __FLASH_segment_start__) && (__text_end__ <= __FLASH_segment_end__))), error: .text is too large to fit in FLASH memory segment)
                0x0000000000000c10                __dtors_load_start__ = ALIGN (__text_end__, 0x4)

.dtors          0x0000000000000c10        0x0
                0x0000000000000c10                __dtors_start__ = .
 *(SORT(.dtors.*))
 *(.dtors)
 *(.fini_array)
 *(SORT(.fini_array.*))
                0x0000000000000c10                __dtors_end__ = (__dtors_start__ + SIZEOF (.dtors))
                0x0000000000000000                __dtors_size__ = SIZEOF (.dtors)
                0x0000000000000c10                __dtors_load_end__ = __dtors_end__
                0x0000000000000001                . = ASSERT (((__dtors_start__ == __dtors_end__) || ((__dtors_end__ >= __FLASH_segment_start__) && (__dtors_end__ <= __FLASH_segment_end__))), error: .dtors is too large to fit in FLASH memory segment)
                0x0000000000000c10                __ctors_load_start__ = ALIGN (__dtors_end__, 0x4)

.ctors          0x0000000000000c10        0x0
                0x0000000000000c10                __ctors_start__ = .
 *(SORT(.ctors.*))
 *(.ctors)
 *(.init_array)
 *(SORT(.init_array.*))
                0x0000000000000c10                __ctors_end__ = (__ctors_start__ + SIZEOF (.ctors))
                0x0000000000000000                __ctors_size__ = SIZEOF (.ctors)
                0x0000000000000c10                __ctors_load_end__ = __ctors_end__
                0x0000000000000001                . = ASSERT (((__ctors_start__ == __ctors_end__) || ((__ctors_end__ >= __FLASH_segment_start__) && (__ctors_end__ <= __FLASH_segment_end__))), error: .ctors is too large to fit in FLASH memory segment)
                0x0000000000000c10                __rodata_load_start__ = ALIGN (__ctors_end__, 0x4)

.rodata         0x0000000000000c10       0x3b
                0x0000000000000c10                __rodata_start__ = .
 *(.rodata .rodata.* .gnu.linkonce.r.*)
 .rodata        0x0000000000000c10       0x3b Output/nrf24-arm Debug/Obj/lpc17xx_ssp.o
                0x0000000000000c4b                __rodata_end__ = (__rodata_start__ + SIZEOF (.rodata))
                0x000000000000003b                __rodata_size__ = SIZEOF (.rodata)
                0x0000000000000c4b                __rodata_load_end__ = __rodata_end__

.rel.dyn        0x0000000000000000        0x0
 .rel.iplt      0x0000000000000000        0x0 Output/nrf24-arm Debug/Obj/system_LPC17xx.o
                0x0000000000000001                . = ASSERT (((__rodata_start__ == __rodata_end__) || ((__rodata_end__ >= __FLASH_segment_start__) && (__rodata_end__ <= __FLASH_segment_end__))), error: .rodata is too large to fit in FLASH memory segment)
                0x0000000000000c4c                __ARM.exidx_load_start__ = ALIGN (__rodata_end__, 0x4)

.ARM.exidx      0x0000000000000c4c        0x0
                0x0000000000000c4c                __ARM.exidx_start__ = .
                0x0000000000000c4c                __exidx_start = __ARM.exidx_start__
 *(.ARM.exidx .ARM.exidx.*)
                0x0000000000000c4c                __ARM.exidx_end__ = (__ARM.exidx_start__ + SIZEOF (.ARM.exidx))
                0x0000000000000000                __ARM.exidx_size__ = SIZEOF (.ARM.exidx)
                0x0000000000000c4c                __exidx_end = __ARM.exidx_end__
                0x0000000000000c4c                __ARM.exidx_load_end__ = __ARM.exidx_end__
                0x0000000000000001                . = ASSERT (((__ARM.exidx_start__ == __ARM.exidx_end__) || ((__ARM.exidx_end__ >= __FLASH_segment_start__) && (__ARM.exidx_end__ <= __FLASH_segment_end__))), error: .ARM.exidx is too large to fit in FLASH memory segment)
                0x0000000000000c4c                __fast_load_start__ = ALIGN (__ARM.exidx_end__, 0x4)

.fast           0x0000000010000000        0x0 load address 0x0000000000000c4c
                0x0000000010000000                __fast_start__ = .
 *(.fast .fast.*)
                0x0000000010000000                __fast_end__ = (__fast_start__ + SIZEOF (.fast))
                0x0000000000000000                __fast_size__ = SIZEOF (.fast)
                0x0000000000000c4c                __fast_load_end__ = (__fast_load_start__ + SIZEOF (.fast))
                0x0000000000000001                . = ASSERT (((__fast_load_start__ == __fast_load_end__) || ((__fast_load_end__ >= __FLASH_segment_start__) && (__fast_load_end__ <= __FLASH_segment_end__))), error: .fast is too large to fit in FLASH memory segment)

.fast_run       0x0000000010000000        0x0
                0x0000000010000000                __fast_run_start__ = .
                0x0000000010000000                . = MAX ((__fast_run_start__ + SIZEOF (.fast)), .)
                0x0000000010000000                __fast_run_end__ = (__fast_run_start__ + SIZEOF (.fast_run))
                0x0000000000000000                __fast_run_size__ = SIZEOF (.fast_run)
                0x0000000010000000                __fast_run_load_end__ = __fast_run_end__
                0x0000000000000001                . = ASSERT (((__fast_run_start__ == __fast_run_end__) || ((__fast_run_end__ >= __RAM_segment_start__) && (__fast_run_end__ <= __RAM_segment_end__))), error: .fast_run is too large to fit in RAM memory segment)
                0x0000000000000c4c                __data_load_start__ = ALIGN ((__fast_load_start__ + SIZEOF (.fast)), 0x4)

.data           0x0000000010000000        0x4 load address 0x0000000000000c4c
                0x0000000010000000                __data_start__ = .
 *(.data .data.* .gnu.linkonce.d.*)
 .data.SystemCoreClock
                0x0000000010000000        0x4 Output/nrf24-arm Debug/Obj/system_LPC17xx.o
                0x0000000010000000                SystemCoreClock
                0x0000000010000004                __data_end__ = (__data_start__ + SIZEOF (.data))
                0x0000000000000004                __data_size__ = SIZEOF (.data)
                0x0000000000000c50                __data_load_end__ = (__data_load_start__ + SIZEOF (.data))

.igot.plt       0x0000000100000000        0x0
 .igot.plt      0x0000000100000000        0x0 Output/nrf24-arm Debug/Obj/system_LPC17xx.o
                0x0000000000000001                . = ASSERT (((__data_load_start__ == __data_load_end__) || ((__data_load_end__ >= __FLASH_segment_start__) && (__data_load_end__ <= __FLASH_segment_end__))), error: .data is too large to fit in FLASH memory segment)

.data_run       0x0000000010000000        0x4 load address 0x0000000000000c4c
                0x0000000010000000                __data_run_start__ = .
                0x0000000010000004                . = MAX ((__data_run_start__ + SIZEOF (.data)), .)
 *fill*         0x0000000010000000        0x4 
                0x0000000010000004                __data_run_end__ = (__data_run_start__ + SIZEOF (.data_run))
                0x0000000000000004                __data_run_size__ = SIZEOF (.data_run)
                0x0000000010000004                __data_run_load_end__ = __data_run_end__
                0x0000000000000001                . = ASSERT (((__data_run_start__ == __data_run_end__) || ((__data_run_end__ >= __RAM_segment_start__) && (__data_run_end__ <= __RAM_segment_end__))), error: .data_run is too large to fit in RAM memory segment)
                0x0000000000000c50                __tdata_load_start__ = ALIGN ((__data_load_start__ + SIZEOF (.data)), 0x4)

.tdata          0x0000000010000004        0x0 load address 0x0000000000000c50
                0x0000000010000004                __tdata_start__ = .
 *(.tdata .tdata.*)
                0x0000000010000004                __tdata_end__ = (__tdata_start__ + SIZEOF (.tdata))
                0x0000000000000000                __tdata_size__ = SIZEOF (.tdata)
                0x0000000000000c50                __tdata_load_end__ = (__tdata_load_start__ + SIZEOF (.tdata))
                0x0000000000000c50                __FLASH_segment_used_end__ = (ALIGN ((__data_load_start__ + SIZEOF (.data)), 0x4) + SIZEOF (.tdata))
                0x0000000000000c50                __FLASH_segment_used_size__ = (__FLASH_segment_used_end__ - __FLASH_segment_start__)
                0x0000000000000001                . = ASSERT (((__tdata_load_start__ == __tdata_load_end__) || ((__tdata_load_end__ >= __FLASH_segment_start__) && (__tdata_load_end__ <= __FLASH_segment_end__))), error: .tdata is too large to fit in FLASH memory segment)

.tdata_run      0x0000000010000004        0x0
                0x0000000010000004                __tdata_run_start__ = .
                0x0000000010000004                . = MAX ((__tdata_run_start__ + SIZEOF (.tdata)), .)
                0x0000000010000004                __tdata_run_end__ = (__tdata_run_start__ + SIZEOF (.tdata_run))
                0x0000000000000000                __tdata_run_size__ = SIZEOF (.tdata_run)
                0x0000000010000004                __tdata_run_load_end__ = __tdata_run_end__
                0x0000000000000001                . = ASSERT (((__tdata_run_start__ == __tdata_run_end__) || ((__tdata_run_end__ >= __RAM_segment_start__) && (__tdata_run_end__ <= __RAM_segment_end__))), error: .tdata_run is too large to fit in RAM memory segment)
                0x0000000010000004                __bss_load_start__ = ALIGN (__tdata_run_end__, 0x4)

.bss            0x0000000010000004       0x25
                0x0000000010000004                __bss_start__ = .
 *(.bss .bss.* .gnu.linkonce.b.*)
 .bss.sspdat    0x0000000010000004       0x18 Output/nrf24-arm Debug/Obj/lpc17xx_ssp.o
 .bss.registers
                0x000000001000001c        0xd Output/nrf24-arm Debug/Obj/nrf24.o
                0x000000001000001c                registers
 *(COMMON)
                0x0000000010000029                __bss_end__ = (__bss_start__ + SIZEOF (.bss))
                0x0000000000000025                __bss_size__ = SIZEOF (.bss)
                0x0000000010000029                __bss_load_end__ = __bss_end__
                0x0000000000000001                . = ASSERT (((__bss_start__ == __bss_end__) || ((__bss_end__ >= __RAM_segment_start__) && (__bss_end__ <= __RAM_segment_end__))), error: .bss is too large to fit in RAM memory segment)
                0x000000001000002c                __tbss_load_start__ = ALIGN (__bss_end__, 0x4)

.tbss           0x000000001000002c        0x0
                0x000000001000002c                __tbss_start__ = .
 *(.tbss .tbss.*)
                0x000000001000002c                __tbss_end__ = (__tbss_start__ + SIZEOF (.tbss))
                0x0000000000000000                __tbss_size__ = SIZEOF (.tbss)
                0x000000001000002c                __tbss_load_end__ = __tbss_end__
                0x0000000000000001                . = ASSERT (((__tbss_start__ == __tbss_end__) || ((__tbss_end__ >= __RAM_segment_start__) && (__tbss_end__ <= __RAM_segment_end__))), error: .tbss is too large to fit in RAM memory segment)
                0x000000001000002c                __non_init_load_start__ = ALIGN (__tbss_end__, 0x4)

.non_init       0x000000001000002c        0x0
                0x000000001000002c                __non_init_start__ = .
 *(.non_init .non_init.*)
                0x000000001000002c                __non_init_end__ = (__non_init_start__ + SIZEOF (.non_init))
                0x0000000000000000                __non_init_size__ = SIZEOF (.non_init)
                0x000000001000002c                __non_init_load_end__ = __non_init_end__
                0x0000000000000001                . = ASSERT (((__non_init_start__ == __non_init_end__) || ((__non_init_end__ >= __RAM_segment_start__) && (__non_init_end__ <= __RAM_segment_end__))), error: .non_init is too large to fit in RAM memory segment)
                0x000000001000002c                __heap_load_start__ = ALIGN (__non_init_end__, 0x4)

.heap           0x000000001000002c      0x100
                0x000000001000002c                __heap_start__ = .
 *(.heap .heap.*)
                0x000000001000012c                . = ALIGN (MAX ((__heap_start__ + __HEAPSIZE__), .), 0x4)
 *fill*         0x000000001000002c      0x100 
                0x000000001000012c                __heap_end__ = (__heap_start__ + SIZEOF (.heap))
                0x0000000000000100                __heap_size__ = SIZEOF (.heap)
                0x000000001000012c                __heap_load_end__ = __heap_end__
                0x0000000000000001                . = ASSERT (((__heap_start__ == __heap_end__) || ((__heap_end__ >= __RAM_segment_start__) && (__heap_end__ <= __RAM_segment_end__))), error: .heap is too large to fit in RAM memory segment)
                0x0000000010007f00                __stack_load_start__ = (__RAM_segment_end__ - 0x100)

.stack          0x0000000010007f00      0x100
                0x0000000010007f00                __stack_start__ = .
 *(.stack .stack.*)
                0x0000000010008000                . = ALIGN (MAX ((__stack_start__ + __STACKSIZE__), .), 0x8)
 *fill*         0x0000000010007f00      0x100 
                0x0000000010008000                __stack_end__ = (__stack_start__ + SIZEOF (.stack))
                0x0000000000000100                __stack_size__ = SIZEOF (.stack)
                0x0000000010008000                __stack_load_end__ = __stack_end__
                0x0000000000000001                . = ASSERT (((__stack_start__ == __stack_end__) || ((__stack_end__ >= __RAM_segment_start__) && (__stack_end__ <= __RAM_segment_end__))), error: .stack is too large to fit in RAM memory segment)
                0x0000000000000001                . = ASSERT ((__heap_end__ <= __stack_start__), error: section .heap overlaps absolute placed section .stack)
                0x0000000010008000                __stack_process_load_start__ = ALIGN (__stack_end__, 0x8)

.stack_process  0x0000000010008000        0x0
                0x0000000010008000                __stack_process_start__ = .
 *(.stack_process .stack_process.*)
                0x0000000010008000                . = ALIGN (MAX ((__stack_process_start__ + __STACKSIZE_PROCESS__), .), 0x8)
                0x0000000010008000                __stack_process_end__ = (__stack_process_start__ + SIZEOF (.stack_process))
                0x0000000000000000                __stack_process_size__ = SIZEOF (.stack_process)
                0x0000000010008000                __stack_process_load_end__ = __stack_process_end__
                0x0000000010008000                __RAM_segment_used_end__ = (ALIGN (__stack_end__, 0x8) + SIZEOF (.stack_process))
                0x0000000000008000                __RAM_segment_used_size__ = (__RAM_segment_used_end__ - __RAM_segment_start__)
                0x0000000000000001                . = ASSERT (((__stack_process_start__ == __stack_process_end__) || ((__stack_process_end__ >= __RAM_segment_start__) && (__stack_process_end__ <= __RAM_segment_end__))), error: .stack_process is too large to fit in RAM memory segment)
START GROUP
LOAD Output/nrf24-arm Debug/Obj/system_LPC17xx.o
LOAD Output/nrf24-arm Debug/Obj/main.o
LOAD Output/nrf24-arm Debug/Obj/thumb_crt0.o
LOAD Output/nrf24-arm Debug/Obj/LPC1700_Startup.o
LOAD Output/nrf24-arm Debug/Obj/LPC176x5x_Vectors.o
LOAD Output/nrf24-arm Debug/Obj/lpc17xx_spi.o
LOAD Output/nrf24-arm Debug/Obj/lpc17xx_ssp.o
LOAD Output/nrf24-arm Debug/Obj/lpc17xx_clkpwr.o
LOAD Output/nrf24-arm Debug/Obj/lpc17xx_gpio.o
LOAD Output/nrf24-arm Debug/Obj/lpc17xx_pinsel.o
LOAD Output/nrf24-arm Debug/Obj/lpc17xx_adc.o
LOAD Output/nrf24-arm Debug/Obj/lpc17xx_can.o
LOAD Output/nrf24-arm Debug/Obj/lpc17xx_dac.o
LOAD Output/nrf24-arm Debug/Obj/lpc17xx_emac.o
LOAD Output/nrf24-arm Debug/Obj/lpc17xx_i2c.o
LOAD Output/nrf24-arm Debug/Obj/lpc17xx_i2s.o
LOAD Output/nrf24-arm Debug/Obj/lpc17xx_libcfg_default.o
LOAD Output/nrf24-arm Debug/Obj/lpc17xx_mcpwm.o
LOAD Output/nrf24-arm Debug/Obj/lpc17xx_nvic.o
LOAD Output/nrf24-arm Debug/Obj/lpc17xx_pwm.o
LOAD Output/nrf24-arm Debug/Obj/lpc17xx_qei.o
LOAD Output/nrf24-arm Debug/Obj/lpc17xx_rit.o
LOAD Output/nrf24-arm Debug/Obj/lpc17xx_rtc.o
LOAD Output/nrf24-arm Debug/Obj/lpc17xx_timer.o
LOAD Output/nrf24-arm Debug/Obj/lpc17xx_uart.o
LOAD Output/nrf24-arm Debug/Obj/lpc17xx_wdt.o
LOAD Output/nrf24-arm Debug/Obj/nrf24.o
LOAD /opt/emStudio/lib/libdebugio_mempoll_v7m_t_le_eabi.a
LOAD /opt/emStudio/lib/libm_v7m_t_le_eabi.a
LOAD /opt/emStudio/lib/libc_v7m_t_le_eabi.a
LOAD /opt/emStudio/lib/libcpp_v7m_t_le_eabi.a
LOAD /opt/emStudio/lib/libdebugio_v7m_t_le_eabi.a
LOAD /opt/emStudio/lib/libvfprintf_v7m_t_le_eabi.o
LOAD /opt/emStudio/lib/libvfscanf_v7m_t_le_eabi.o
END GROUP
OUTPUT(Output/Debug/Exe/nrf24-arm.elf elf32-littlearm)

.debug_frame    0x0000000000000000      0x638
 .debug_frame   0x0000000000000000       0x4c Output/nrf24-arm Debug/Obj/system_LPC17xx.o
 .debug_frame   0x000000000000004c       0x48 Output/nrf24-arm Debug/Obj/main.o
 .debug_frame   0x0000000000000094      0x308 Output/nrf24-arm Debug/Obj/lpc17xx_ssp.o
 .debug_frame   0x000000000000039c       0xd8 Output/nrf24-arm Debug/Obj/lpc17xx_clkpwr.o
 .debug_frame   0x0000000000000474       0x28 Output/nrf24-arm Debug/Obj/lpc17xx_libcfg_default.o
 .debug_frame   0x000000000000049c      0x19c Output/nrf24-arm Debug/Obj/nrf24.o

.debug_info     0x0000000000000000     0x25e6
 .debug_info    0x0000000000000000      0x30d Output/nrf24-arm Debug/Obj/system_LPC17xx.o
 .debug_info    0x000000000000030d      0x674 Output/nrf24-arm Debug/Obj/main.o
 .debug_info    0x0000000000000981       0x95 Output/nrf24-arm Debug/Obj/thumb_crt0.o
 .debug_info    0x0000000000000a16       0x9e Output/nrf24-arm Debug/Obj/LPC1700_Startup.o
 .debug_info    0x0000000000000ab4       0xa0 Output/nrf24-arm Debug/Obj/LPC176x5x_Vectors.o
 .debug_info    0x0000000000000b54      0x7d6 Output/nrf24-arm Debug/Obj/lpc17xx_ssp.o
 .debug_info    0x000000000000132a      0x652 Output/nrf24-arm Debug/Obj/lpc17xx_clkpwr.o
 .debug_info    0x000000000000197c       0xb3 Output/nrf24-arm Debug/Obj/lpc17xx_libcfg_default.o
 .debug_info    0x0000000000001a2f      0xbb7 Output/nrf24-arm Debug/Obj/nrf24.o

.debug_abbrev   0x0000000000000000      0x900
 .debug_abbrev  0x0000000000000000       0xf4 Output/nrf24-arm Debug/Obj/system_LPC17xx.o
 .debug_abbrev  0x00000000000000f4      0x13d Output/nrf24-arm Debug/Obj/main.o
 .debug_abbrev  0x0000000000000231       0x12 Output/nrf24-arm Debug/Obj/thumb_crt0.o
 .debug_abbrev  0x0000000000000243       0x14 Output/nrf24-arm Debug/Obj/LPC1700_Startup.o
 .debug_abbrev  0x0000000000000257       0x14 Output/nrf24-arm Debug/Obj/LPC176x5x_Vectors.o
 .debug_abbrev  0x000000000000026b      0x20d Output/nrf24-arm Debug/Obj/lpc17xx_ssp.o
 .debug_abbrev  0x0000000000000478      0x1cd Output/nrf24-arm Debug/Obj/lpc17xx_clkpwr.o
 .debug_abbrev  0x0000000000000645       0x6d Output/nrf24-arm Debug/Obj/lpc17xx_libcfg_default.o
 .debug_abbrev  0x00000000000006b2      0x24e Output/nrf24-arm Debug/Obj/nrf24.o

.debug_pubnames
                0x0000000000000000      0x751
 .debug_pubnames
                0x0000000000000000       0x4f Output/nrf24-arm Debug/Obj/system_LPC17xx.o
 .debug_pubnames
                0x000000000000004f       0x3e Output/nrf24-arm Debug/Obj/main.o
 .debug_pubnames
                0x000000000000008d      0x201 Output/nrf24-arm Debug/Obj/lpc17xx_ssp.o
 .debug_pubnames
                0x000000000000028e       0xdc Output/nrf24-arm Debug/Obj/lpc17xx_clkpwr.o
 .debug_pubnames
                0x000000000000036a       0x23 Output/nrf24-arm Debug/Obj/lpc17xx_libcfg_default.o
 .debug_pubnames
                0x000000000000038d      0x3c4 Output/nrf24-arm Debug/Obj/nrf24.o

.debug_pubtypes
                0x0000000000000000      0x752
 .debug_pubtypes
                0x0000000000000000       0xd8 Output/nrf24-arm Debug/Obj/system_LPC17xx.o
 .debug_pubtypes
                0x00000000000000d8      0x1ab Output/nrf24-arm Debug/Obj/main.o
 .debug_pubtypes
                0x0000000000000283      0x179 Output/nrf24-arm Debug/Obj/lpc17xx_ssp.o
 .debug_pubtypes
                0x00000000000003fc      0x10e Output/nrf24-arm Debug/Obj/lpc17xx_clkpwr.o
 .debug_pubtypes
                0x000000000000050a       0xc1 Output/nrf24-arm Debug/Obj/lpc17xx_libcfg_default.o
 .debug_pubtypes
                0x00000000000005cb      0x187 Output/nrf24-arm Debug/Obj/nrf24.o

.debug_aranges  0x0000000000000000      0x318
 .debug_aranges
                0x0000000000000000       0x28 Output/nrf24-arm Debug/Obj/system_LPC17xx.o
 .debug_aranges
                0x0000000000000028       0x28 Output/nrf24-arm Debug/Obj/main.o
 .debug_aranges
                0x0000000000000050       0xe0 Output/nrf24-arm Debug/Obj/thumb_crt0.o
 .debug_aranges
                0x0000000000000130       0x20 Output/nrf24-arm Debug/Obj/LPC1700_Startup.o
 .debug_aranges
                0x0000000000000150       0x20 Output/nrf24-arm Debug/Obj/LPC176x5x_Vectors.o
 .debug_aranges
                0x0000000000000170       0xb8 Output/nrf24-arm Debug/Obj/lpc17xx_ssp.o
 .debug_aranges
                0x0000000000000228       0x58 Output/nrf24-arm Debug/Obj/lpc17xx_clkpwr.o
 .debug_aranges
                0x0000000000000280       0x20 Output/nrf24-arm Debug/Obj/lpc17xx_libcfg_default.o
 .debug_aranges
                0x00000000000002a0       0x78 Output/nrf24-arm Debug/Obj/nrf24.o

.debug_ranges   0x0000000000000000      0x270
 .debug_ranges  0x0000000000000000       0x18 Output/nrf24-arm Debug/Obj/system_LPC17xx.o
 .debug_ranges  0x0000000000000018       0x18 Output/nrf24-arm Debug/Obj/main.o
 .debug_ranges  0x0000000000000030       0xd8 Output/nrf24-arm Debug/Obj/thumb_crt0.o
 .debug_ranges  0x0000000000000108       0xa8 Output/nrf24-arm Debug/Obj/lpc17xx_ssp.o
 .debug_ranges  0x00000000000001b0       0x48 Output/nrf24-arm Debug/Obj/lpc17xx_clkpwr.o
 .debug_ranges  0x00000000000001f8       0x10 Output/nrf24-arm Debug/Obj/lpc17xx_libcfg_default.o
 .debug_ranges  0x0000000000000208       0x68 Output/nrf24-arm Debug/Obj/nrf24.o

.debug_macro    0x0000000000000000     0x289a
 .debug_macro   0x0000000000000000      0x115 Output/nrf24-arm Debug/Obj/system_LPC17xx.o
 .debug_macro   0x0000000000000115      0x8ce Output/nrf24-arm Debug/Obj/system_LPC17xx.o
 .debug_macro   0x00000000000009e3      0x189 Output/nrf24-arm Debug/Obj/system_LPC17xx.o
 .debug_macro   0x0000000000000b6c       0x1c Output/nrf24-arm Debug/Obj/system_LPC17xx.o
 .debug_macro   0x0000000000000b88       0x3a Output/nrf24-arm Debug/Obj/system_LPC17xx.o
 .debug_macro   0x0000000000000bc2       0x34 Output/nrf24-arm Debug/Obj/system_LPC17xx.o
 .debug_macro   0x0000000000000bf6      0xcb4 Output/nrf24-arm Debug/Obj/system_LPC17xx.o
 .debug_macro   0x00000000000018aa      0x2d5 Output/nrf24-arm Debug/Obj/system_LPC17xx.o
 .debug_macro   0x0000000000001b7f       0xab Output/nrf24-arm Debug/Obj/main.o
 .debug_macro   0x0000000000001c2a       0x89 Output/nrf24-arm Debug/Obj/main.o
 .debug_macro   0x0000000000001cb3       0x71 Output/nrf24-arm Debug/Obj/main.o
 .debug_macro   0x0000000000001d24       0x28 Output/nrf24-arm Debug/Obj/main.o
 .debug_macro   0x0000000000001d4c       0x34 Output/nrf24-arm Debug/Obj/main.o
 .debug_macro   0x0000000000001d80       0x5d Output/nrf24-arm Debug/Obj/main.o
 .debug_macro   0x0000000000001ddd      0x2a9 Output/nrf24-arm Debug/Obj/main.o
 .debug_macro   0x0000000000002086      0x230 Output/nrf24-arm Debug/Obj/main.o
 .debug_macro   0x00000000000022b6       0x8f Output/nrf24-arm Debug/Obj/lpc17xx_ssp.o
 .debug_macro   0x0000000000002345       0x7d Output/nrf24-arm Debug/Obj/lpc17xx_clkpwr.o
 .debug_macro   0x00000000000023c2      0x2f8 Output/nrf24-arm Debug/Obj/lpc17xx_clkpwr.o
 .debug_macro   0x00000000000026ba       0x38 Output/nrf24-arm Debug/Obj/lpc17xx_libcfg_default.o
 .debug_macro   0x00000000000026f2       0x5d Output/nrf24-arm Debug/Obj/lpc17xx_libcfg_default.o
 .debug_macro   0x000000000000274f       0xc5 Output/nrf24-arm Debug/Obj/lpc17xx_libcfg_default.o
 .debug_macro   0x0000000000002814       0x86 Output/nrf24-arm Debug/Obj/nrf24.o

.debug_line     0x0000000000000000     0x13e8
 .debug_line    0x0000000000000000      0x1cb Output/nrf24-arm Debug/Obj/system_LPC17xx.o
 .debug_line    0x00000000000001cb      0x212 Output/nrf24-arm Debug/Obj/main.o
 .debug_line    0x00000000000003dd      0x2a0 Output/nrf24-arm Debug/Obj/thumb_crt0.o
 .debug_line    0x000000000000067d       0x85 Output/nrf24-arm Debug/Obj/LPC1700_Startup.o
 .debug_line    0x0000000000000702       0xa0 Output/nrf24-arm Debug/Obj/LPC176x5x_Vectors.o
 .debug_line    0x00000000000007a2      0x5d7 Output/nrf24-arm Debug/Obj/lpc17xx_ssp.o
 .debug_line    0x0000000000000d79      0x291 Output/nrf24-arm Debug/Obj/lpc17xx_clkpwr.o
 .debug_line    0x000000000000100a       0xf5 Output/nrf24-arm Debug/Obj/lpc17xx_libcfg_default.o
 .debug_line    0x00000000000010ff      0x2e9 Output/nrf24-arm Debug/Obj/nrf24.o

.debug_str      0x0000000000000000     0xc6bd
 .debug_str     0x0000000000000000     0x882e Output/nrf24-arm Debug/Obj/system_LPC17xx.o
                                       0x889f (size before relaxing)
 .debug_str     0x000000000000882e     0x2001 Output/nrf24-arm Debug/Obj/main.o
                                       0xa40e (size before relaxing)
 .debug_str     0x000000000000a82f     0x16a9 Output/nrf24-arm Debug/Obj/lpc17xx_ssp.o
                                       0xaccc (size before relaxing)
 .debug_str     0x000000000000bed8      0x145 Output/nrf24-arm Debug/Obj/lpc17xx_clkpwr.o
                                       0x9a94 (size before relaxing)
 .debug_str     0x000000000000c01d       0x58 Output/nrf24-arm Debug/Obj/lpc17xx_libcfg_default.o
                                       0x2e11 (size before relaxing)
 .debug_str     0x000000000000c075      0x648 Output/nrf24-arm Debug/Obj/nrf24.o
                                       0xa221 (size before relaxing)

.comment        0x0000000000000000       0x4c
 .comment       0x0000000000000000       0x4c Output/nrf24-arm Debug/Obj/system_LPC17xx.o
                                         0x4d (size before relaxing)
 .comment       0x000000000000004c       0x4d Output/nrf24-arm Debug/Obj/main.o
 .comment       0x000000000000004c       0x4d Output/nrf24-arm Debug/Obj/lpc17xx_ssp.o
 .comment       0x000000000000004c       0x4d Output/nrf24-arm Debug/Obj/lpc17xx_clkpwr.o
 .comment       0x000000000000004c       0x4d Output/nrf24-arm Debug/Obj/lpc17xx_libcfg_default.o
 .comment       0x000000000000004c       0x4d Output/nrf24-arm Debug/Obj/nrf24.o

.ARM.attributes
                0x0000000000000000       0x31
 .ARM.attributes
                0x0000000000000000       0x33 Output/nrf24-arm Debug/Obj/system_LPC17xx.o
 .ARM.attributes
                0x0000000000000033       0x33 Output/nrf24-arm Debug/Obj/main.o
 .ARM.attributes
                0x0000000000000066       0x21 Output/nrf24-arm Debug/Obj/thumb_crt0.o
 .ARM.attributes
                0x0000000000000087       0x21 Output/nrf24-arm Debug/Obj/LPC1700_Startup.o
 .ARM.attributes
                0x00000000000000a8       0x21 Output/nrf24-arm Debug/Obj/LPC176x5x_Vectors.o
 .ARM.attributes
                0x00000000000000c9       0x33 Output/nrf24-arm Debug/Obj/lpc17xx_ssp.o
 .ARM.attributes
                0x00000000000000fc       0x33 Output/nrf24-arm Debug/Obj/lpc17xx_clkpwr.o
 .ARM.attributes
                0x000000000000012f       0x33 Output/nrf24-arm Debug/Obj/lpc17xx_libcfg_default.o
 .ARM.attributes
                0x0000000000000162       0x33 Output/nrf24-arm Debug/Obj/nrf24.o
